// Jest Snapshot v1, https://goo.gl/fbAQLP

exports[`<CaptureEventForm/> component rendering should render shallow correctly with props 1`] = `
<Fragment>
  <Container
    tag="div"
  >
    <div
      className="capture-event-form"
    >
      <spinner />
      <Row
        tag="div"
        widths={
          Array [
            "xs",
            "sm",
            "md",
            "lg",
            "xl",
          ]
        }
      >
        <Col
          className="text-center"
          tag="div"
          widths={
            Array [
              "xs",
              "sm",
              "md",
              "lg",
              "xl",
            ]
          }
        >
          <p>
            Select appropriate tags for the image:
          </p>
        </Col>
      </Row>
      <Row
        tag="div"
        widths={
          Array [
            "xs",
            "sm",
            "md",
            "lg",
            "xl",
          ]
        }
      >
        <Col
          className="text-center"
          tag="div"
          widths={
            Array [
              "xs",
              "sm",
              "md",
              "lg",
              "xl",
            ]
          }
        >
          <ButtonGroup
            role="group"
            tag="div"
          >
            <Button
              active={false}
              color="primary"
              key="Tiger"
              onClick={[Function]}
              outline={true}
              tag="button"
            >
              Tiger
            </Button>
            <Button
              active={false}
              color="primary"
              key="Elephant"
              onClick={[Function]}
              outline={true}
              tag="button"
            >
              Elephant
            </Button>
            <Button
              active={false}
              color="primary"
              key="Tapir"
              onClick={[Function]}
              outline={true}
              tag="button"
            >
              Tapir
            </Button>
          </ButtonGroup>
        </Col>
      </Row>
      <Row
        tag="div"
        widths={
          Array [
            "xs",
            "sm",
            "md",
            "lg",
            "xl",
          ]
        }
      >
        <Col
          className="text-center"
          tag="div"
          widths={
            Array [
              "xs",
              "sm",
              "md",
              "lg",
              "xl",
            ]
          }
        >
          <Form
            className="textarea-form"
            onSubmit={[Function]}
            tag="form"
          >
            <Row
              tag="div"
              widths={
                Array [
                  "xs",
                  "sm",
                  "md",
                  "lg",
                  "xl",
                ]
              }
            >
              <Col
                tag="div"
                widths={
                  Array [
                    "xs",
                    "sm",
                    "md",
                    "lg",
                    "xl",
                  ]
                }
                xs="2"
              />
              <Col
                className="text-center"
                lg="8"
                tag="div"
                widths={
                  Array [
                    "xs",
                    "sm",
                    "md",
                    "lg",
                    "xl",
                  ]
                }
              >
                <FormGroup
                  tag="div"
                >
                  <Label
                    for="notesText"
                    tag="label"
                    widths={
                      Array [
                        "xs",
                        "sm",
                        "md",
                        "lg",
                        "xl",
                      ]
                    }
                  >
                    Enter additional notes:
                  </Label>
                  <Input
                    id="notesText"
                    name="text"
                    onChange={[Function]}
                    type="textarea"
                    value=""
                  />
                </FormGroup>
              </Col>
              <Col
                tag="div"
                widths={
                  Array [
                    "xs",
                    "sm",
                    "md",
                    "lg",
                    "xl",
                  ]
                }
                xs="2"
              />
            </Row>
            <Button
              className="submit-button"
              color="success"
              name="submit"
              tag="button"
            >
              Submit
            </Button>
          </Form>
        </Col>
      </Row>
    </div>
  </Container>
</Fragment>
`;
